
> hand-talk@0.1.0 build
> next build

  Γû▓ Next.js 14.2.35
  - Environments: .env

   Creating an optimized production build ...

> Build error occurred
Error: 
[next-intl] Could not locate request configuration module.

This path is supported by default: ./(src/)i18n/request.{js,jsx,ts,tsx}

Alternatively, you can specify a custom location in your Next.js config:

const withNextIntl = createNextIntlPlugin(
  './path/to/i18n/request.tsx'
);

    at throwError (C:\Projects\hand talk\node_modules\next-intl\dist\cjs\development\plugin-YzBhQjAo.cjs:21:9)
    at resolveI18nPath (C:\Projects\hand talk\node_modules\next-intl\dist\cjs\development\plugin-YzBhQjAo.cjs:1212:7)
    at Object.webpack (C:\Projects\hand talk\node_modules\next-intl\dist\cjs\development\plugin-YzBhQjAo.cjs:1384:96)
    at getBaseWebpackConfig (C:\Projects\hand talk\node_modules\next\dist\build\webpack-config.js:1838:32)
    at async Promise.all (index 1)
    at async Span.traceAsyncFn (C:\Projects\hand talk\node_modules\next\dist\trace\trace.js:154:20)
    at async webpackBuildImpl (C:\Projects\hand talk\node_modules\next\dist\build\webpack-build\impl.js:136:21)
    at async C:\Projects\hand talk\node_modules\next\dist\build\index.js:1006:111
    at async Span.traceAsyncFn (C:\Projects\hand talk\node_modules\next\dist\trace\trace.js:154:20)
    at async build (C:\Projects\hand talk\node_modules\next\dist\build\index.js:368:9)
