  Γû▓ Next.js 14.2.35
  - Environments: .env

   Creating an optimized production build ...
 Γ£ô (serwist) Bundling the service worker script with the URL '/sw.js' and the scope '/'...
 Γ£ô Compiled successfully
   Linting and checking validity of types ...

Failed to compile.

./src/components/dashboard/vision-engine.tsx
25:13  Error: Unexpected console statement.  no-console
29:9  Error: Unexpected console statement.  no-console
36:13  Error: Unexpected console statement.  no-console
47:17  Error: Unexpected console statement.  no-console
61:17  Error: Unexpected console statement.  no-console
67:17  Error: Unexpected console statement.  no-console
76:13  Error: Unexpected console statement.  no-console
91:21  Error: Unexpected console statement.  no-console
128:13  Error: Unexpected console statement.  no-console

./src/store/useSessionStore.ts
230:21  Error: Unexpected console statement.  no-console

info  - Need to disable some ESLint rules? Learn more here: https://nextjs.org/docs/basic-features/eslint#disabling-rules
